{"timestamp":"2026-09-06T20:49:36.661042Z","level":"info","event":"Filling up the DagBag from /opt/airflow/dags/atividade_05_pipeline.py","logger":"airflow.dag_processing.dagbag.BundleDagBag","filename":"dagbag.py","lineno":460}
{"timestamp":"2026-09-06T20:50:07.774548Z","level":"info","event":"Filling up the DagBag from /opt/airflow/dags/atividade_05_pipeline.py","logger":"airflow.dag_processing.dagbag.BundleDagBag","filename":"dagbag.py","lineno":460}
{"timestamp":"2026-09-06T20:50:38.813783Z","level":"info","event":"Filling up the DagBag from /opt/airflow/dags/atividade_05_pipeline.py","logger":"airflow.dag_processing.dagbag.BundleDagBag","filename":"dagbag.py","lineno":460}
{"timestamp":"2026-09-06T20:51:09.329511Z","level":"info","event":"Filling up the DagBag from /opt/airflow/dags/atividade_05_pipeline.py","logger":"airflow.dag_processing.dagbag.BundleDagBag","filename":"dagbag.py","lineno":460}
{"timestamp":"2026-09-06T20:51:40.066503Z","level":"info","event":"Filling up the DagBag from /opt/airflow/dags/atividade_05_pipeline.py","logger":"airflow.dag_processing.dagbag.BundleDagBag","filename":"dagbag.py","lineno":460}
{"timestamp":"2026-09-06T20:52:11.561796Z","level":"info","event":"Filling up the DagBag from /opt/airflow/dags/atividade_05_pipeline.py","logger":"airflow.dag_processing.dagbag.BundleDagBag","filename":"dagbag.py","lineno":460}
{"timestamp":"2026-09-06T20:52:41.947024Z","level":"info","event":"Filling up the DagBag from /opt/airflow/dags/atividade_05_pipeline.py","logger":"airflow.dag_processing.dagbag.BundleDagBag","filename":"dagbag.py","lineno":460}
{"timestamp":"2026-09-06T20:53:12.165253Z","level":"info","event":"Filling up the DagBag from /opt/airflow/dags/atividade_05_pipeline.py","logger":"airflow.dag_processing.dagbag.BundleDagBag","filename":"dagbag.py","lineno":460}
{"timestamp":"2026-09-06T20:53:42.438358Z","level":"info","event":"Filling up the DagBag from /opt/airflow/dags/atividade_05_pipeline.py","logger":"airflow.dag_processing.dagbag.BundleDagBag","filename":"dagbag.py","lineno":460}
{"timestamp":"2026-09-06T20:54:12.865945Z","level":"info","event":"Filling up the DagBag from /opt/airflow/dags/atividade_05_pipeline.py","logger":"airflow.dag_processing.dagbag.BundleDagBag","filename":"dagbag.py","lineno":460}
{"timestamp":"2026-09-06T20:54:43.359994Z","level":"info","event":"Filling up the DagBag from /opt/airflow/dags/atividade_05_pipeline.py","logger":"airflow.dag_processing.dagbag.BundleDagBag","filename":"dagbag.py","lineno":460}
{"timestamp":"2026-09-06T20:55:14.057915Z","level":"info","event":"Filling up the DagBag from /opt/airflow/dags/atividade_05_pipeline.py","logger":"airflow.dag_processing.dagbag.BundleDagBag","filename":"dagbag.py","lineno":460}
{"timestamp":"2026-09-06T20:55:45.842286Z","level":"info","event":"Filling up the DagBag from /opt/airflow/dags/atividade_05_pipeline.py","logger":"airflow.dag_processing.dagbag.BundleDagBag","filename":"dagbag.py","lineno":460}
{"timestamp":"2026-09-06T20:56:17.997950Z","level":"info","event":"Filling up the DagBag from /opt/airflow/dags/atividade_05_pipeline.py","logger":"airflow.dag_processing.dagbag.BundleDagBag","filename":"dagbag.py","lineno":460}
{"timestamp":"2026-09-06T20:56:48.893457Z","level":"info","event":"Filling up the DagBag from /opt/airflow/dags/atividade_05_pipeline.py","logger":"airflow.dag_processing.dagbag.BundleDagBag","filename":"dagbag.py","lineno":460}
{"timestamp":"2026-09-06T20:57:19.715048Z","level":"info","event":"Filling up the DagBag from /opt/airflow/dags/atividade_05_pipeline.py","logger":"airflow.dag_processing.dagbag.BundleDagBag","filename":"dagbag.py","lineno":460}
{"timestamp":"2026-09-06T20:57:50.278391Z","level":"info","event":"Filling up the DagBag from /opt/airflow/dags/atividade_05_pipeline.py","logger":"airflow.dag_processing.dagbag.BundleDagBag","filename":"dagbag.py","lineno":460}
{"timestamp":"2026-09-06T20:58:20.774010Z","level":"info","event":"Filling up the DagBag from /opt/airflow/dags/atividade_05_pipeline.py","logger":"airflow.dag_processing.dagbag.BundleDagBag","filename":"dagbag.py","lineno":460}
{"timestamp":"2026-09-06T20:58:53.905256Z","level":"info","event":"Filling up the DagBag from /opt/airflow/dags/atividade_05_pipeline.py","logger":"airflow.dag_processing.dagbag.BundleDagBag","filename":"dagbag.py","lineno":460}
{"timestamp":"2026-09-06T20:59:24.781002Z","level":"info","event":"Filling up the DagBag from /opt/airflow/dags/atividade_05_pipeline.py","logger":"airflow.dag_processing.dagbag.BundleDagBag","filename":"dagbag.py","lineno":460}
{"timestamp":"2026-09-06T20:59:56.148935Z","level":"info","event":"Filling up the DagBag from /opt/airflow/dags/atividade_05_pipeline.py","logger":"airflow.dag_processing.dagbag.BundleDagBag","filename":"dagbag.py","lineno":460}
{"timestamp":"2026-09-06T21:00:27.827881Z","level":"info","event":"Filling up the DagBag from /opt/airflow/dags/atividade_05_pipeline.py","logger":"airflow.dag_processing.dagbag.BundleDagBag","filename":"dagbag.py","lineno":460}
{"timestamp":"2026-09-06T21:00:59.666246Z","level":"info","event":"Filling up the DagBag from /opt/airflow/dags/atividade_05_pipeline.py","logger":"airflow.dag_processing.dagbag.BundleDagBag","filename":"dagbag.py","lineno":460}
{"timestamp":"2026-09-06T21:01:30.210947Z","level":"info","event":"Filling up the DagBag from /opt/airflow/dags/atividade_05_pipeline.py","logger":"airflow.dag_processing.dagbag.BundleDagBag","filename":"dagbag.py","lineno":460}
{"timestamp":"2026-09-06T21:02:01.422396Z","level":"info","event":"Filling up the DagBag from /opt/airflow/dags/atividade_05_pipeline.py","logger":"airflow.dag_processing.dagbag.BundleDagBag","filename":"dagbag.py","lineno":460}
{"timestamp":"2026-09-06T21:02:34.171571Z","level":"info","event":"Filling up the DagBag from /opt/airflow/dags/atividade_05_pipeline.py","logger":"airflow.dag_processing.dagbag.BundleDagBag","filename":"dagbag.py","lineno":460}
{"timestamp":"2026-09-06T21:03:04.834173Z","level":"info","event":"Filling up the DagBag from /opt/airflow/dags/atividade_05_pipeline.py","logger":"airflow.dag_processing.dagbag.BundleDagBag","filename":"dagbag.py","lineno":460}
{"timestamp":"2026-09-06T21:03:35.244765Z","level":"info","event":"Filling up the DagBag from /opt/airflow/dags/atividade_05_pipeline.py","logger":"airflow.dag_processing.dagbag.BundleDagBag","filename":"dagbag.py","lineno":460}
{"timestamp":"2026-09-06T21:04:05.920979Z","level":"info","event":"Filling up the DagBag from /opt/airflow/dags/atividade_05_pipeline.py","logger":"airflow.dag_processing.dagbag.BundleDagBag","filename":"dagbag.py","lineno":460}
{"timestamp":"2026-09-06T21:04:36.300039Z","level":"info","event":"Filling up the DagBag from /opt/airflow/dags/atividade_05_pipeline.py","logger":"airflow.dag_processing.dagbag.BundleDagBag","filename":"dagbag.py","lineno":460}
{"timestamp":"2026-09-06T21:05:06.711703Z","level":"info","event":"Filling up the DagBag from /opt/airflow/dags/atividade_05_pipeline.py","logger":"airflow.dag_processing.dagbag.BundleDagBag","filename":"dagbag.py","lineno":460}
{"timestamp":"2026-09-06T21:05:37.911951Z","level":"info","event":"Filling up the DagBag from /opt/airflow/dags/atividade_05_pipeline.py","logger":"airflow.dag_processing.dagbag.BundleDagBag","filename":"dagbag.py","lineno":460}
{"timestamp":"2026-09-06T21:06:08.291376Z","level":"info","event":"Filling up the DagBag from /opt/airflow/dags/atividade_05_pipeline.py","logger":"airflow.dag_processing.dagbag.BundleDagBag","filename":"dagbag.py","lineno":460}
{"timestamp":"2026-09-06T21:06:38.724112Z","level":"info","event":"Filling up the DagBag from /opt/airflow/dags/atividade_05_pipeline.py","logger":"airflow.dag_processing.dagbag.BundleDagBag","filename":"dagbag.py","lineno":460}
{"timestamp":"2026-09-06T21:07:09.569011Z","level":"info","event":"Filling up the DagBag from /opt/airflow/dags/atividade_05_pipeline.py","logger":"airflow.dag_processing.dagbag.BundleDagBag","filename":"dagbag.py","lineno":460}
{"timestamp":"2026-09-06T21:07:41.731704Z","level":"info","event":"Filling up the DagBag from /opt/airflow/dags/atividade_05_pipeline.py","logger":"airflow.dag_processing.dagbag.BundleDagBag","filename":"dagbag.py","lineno":460}
{"timestamp":"2026-09-06T21:08:14.062607Z","level":"info","event":"Filling up the DagBag from /opt/airflow/dags/atividade_05_pipeline.py","logger":"airflow.dag_processing.dagbag.BundleDagBag","filename":"dagbag.py","lineno":460}
{"timestamp":"2026-09-06T21:08:45.324020Z","level":"info","event":"Filling up the DagBag from /opt/airflow/dags/atividade_05_pipeline.py","logger":"airflow.dag_processing.dagbag.BundleDagBag","filename":"dagbag.py","lineno":460}
{"timestamp":"2026-09-06T21:09:16.336926Z","level":"info","event":"Filling up the DagBag from /opt/airflow/dags/atividade_05_pipeline.py","logger":"airflow.dag_processing.dagbag.BundleDagBag","filename":"dagbag.py","lineno":460}
{"timestamp":"2026-09-06T21:09:48.268334Z","level":"info","event":"Filling up the DagBag from /opt/airflow/dags/atividade_05_pipeline.py","logger":"airflow.dag_processing.dagbag.BundleDagBag","filename":"dagbag.py","lineno":460}
{"timestamp":"2026-09-06T21:10:22.486528Z","level":"info","event":"Filling up the DagBag from /opt/airflow/dags/atividade_05_pipeline.py","logger":"airflow.dag_processing.dagbag.BundleDagBag","filename":"dagbag.py","lineno":460}
{"timestamp":"2026-09-06T21:10:54.662615Z","level":"info","event":"Filling up the DagBag from /opt/airflow/dags/atividade_05_pipeline.py","logger":"airflow.dag_processing.dagbag.BundleDagBag","filename":"dagbag.py","lineno":460}
{"timestamp":"2026-09-06T21:11:25.690399Z","level":"info","event":"Filling up the DagBag from /opt/airflow/dags/atividade_05_pipeline.py","logger":"airflow.dag_processing.dagbag.BundleDagBag","filename":"dagbag.py","lineno":460}
{"timestamp":"2026-09-06T21:11:56.218626Z","level":"info","event":"Filling up the DagBag from /opt/airflow/dags/atividade_05_pipeline.py","logger":"airflow.dag_processing.dagbag.BundleDagBag","filename":"dagbag.py","lineno":460}
{"timestamp":"2026-09-06T21:12:26.771186Z","level":"info","event":"Filling up the DagBag from /opt/airflow/dags/atividade_05_pipeline.py","logger":"airflow.dag_processing.dagbag.BundleDagBag","filename":"dagbag.py","lineno":460}
{"timestamp":"2026-09-06T21:12:57.947718Z","level":"info","event":"Filling up the DagBag from /opt/airflow/dags/atividade_05_pipeline.py","logger":"airflow.dag_processing.dagbag.BundleDagBag","filename":"dagbag.py","lineno":460}
{"timestamp":"2026-09-06T21:13:29.060503Z","level":"info","event":"Filling up the DagBag from /opt/airflow/dags/atividade_05_pipeline.py","logger":"airflow.dag_processing.dagbag.BundleDagBag","filename":"dagbag.py","lineno":460}
{"timestamp":"2026-09-06T21:14:01.992311Z","level":"info","event":"Filling up the DagBag from /opt/airflow/dags/atividade_05_pipeline.py","logger":"airflow.dag_processing.dagbag.BundleDagBag","filename":"dagbag.py","lineno":460}
{"timestamp":"2026-09-06T21:14:41.470009Z","level":"info","event":"Filling up the DagBag from /opt/airflow/dags/atividade_05_pipeline.py","logger":"airflow.dag_processing.dagbag.BundleDagBag","filename":"dagbag.py","lineno":460}
{"timestamp":"2026-09-06T21:15:17.911888Z","level":"info","event":"Filling up the DagBag from /opt/airflow/dags/atividade_05_pipeline.py","logger":"airflow.dag_processing.dagbag.BundleDagBag","filename":"dagbag.py","lineno":460}
{"timestamp":"2026-09-06T21:15:58.104988Z","level":"info","event":"Filling up the DagBag from /opt/airflow/dags/atividade_05_pipeline.py","logger":"airflow.dag_processing.dagbag.BundleDagBag","filename":"dagbag.py","lineno":460}
{"timestamp":"2026-09-06T21:16:34.775360Z","level":"info","event":"Filling up the DagBag from /opt/airflow/dags/atividade_05_pipeline.py","logger":"airflow.dag_processing.dagbag.BundleDagBag","filename":"dagbag.py","lineno":460}
{"timestamp":"2026-09-06T21:17:17.458140Z","level":"info","event":"Filling up the DagBag from /opt/airflow/dags/atividade_05_pipeline.py","logger":"airflow.dag_processing.dagbag.BundleDagBag","filename":"dagbag.py","lineno":460}
{"timestamp":"2026-09-06T21:17:54.715570Z","level":"info","event":"Filling up the DagBag from /opt/airflow/dags/atividade_05_pipeline.py","logger":"airflow.dag_processing.dagbag.BundleDagBag","filename":"dagbag.py","lineno":460}
{"timestamp":"2026-09-06T21:18:32.065525Z","level":"info","event":"Filling up the DagBag from /opt/airflow/dags/atividade_05_pipeline.py","logger":"airflow.dag_processing.dagbag.BundleDagBag","filename":"dagbag.py","lineno":460}
{"timestamp":"2026-09-06T21:19:09.556862Z","level":"info","event":"Filling up the DagBag from /opt/airflow/dags/atividade_05_pipeline.py","logger":"airflow.dag_processing.dagbag.BundleDagBag","filename":"dagbag.py","lineno":460}
{"timestamp":"2026-09-06T21:19:47.556361Z","level":"info","event":"Filling up the DagBag from /opt/airflow/dags/atividade_05_pipeline.py","logger":"airflow.dag_processing.dagbag.BundleDagBag","filename":"dagbag.py","lineno":460}
{"timestamp":"2026-09-06T21:20:29.855053Z","level":"info","event":"Filling up the DagBag from /opt/airflow/dags/atividade_05_pipeline.py","logger":"airflow.dag_processing.dagbag.BundleDagBag","filename":"dagbag.py","lineno":460}
{"timestamp":"2026-09-06T21:21:11.697004Z","level":"info","event":"Filling up the DagBag from /opt/airflow/dags/atividade_05_pipeline.py","logger":"airflow.dag_processing.dagbag.BundleDagBag","filename":"dagbag.py","lineno":460}
{"timestamp":"2026-09-06T21:21:50.390921Z","level":"info","event":"Filling up the DagBag from /opt/airflow/dags/atividade_05_pipeline.py","logger":"airflow.dag_processing.dagbag.BundleDagBag","filename":"dagbag.py","lineno":460}
{"timestamp":"2026-09-06T21:22:27.772827Z","level":"info","event":"Filling up the DagBag from /opt/airflow/dags/atividade_05_pipeline.py","logger":"airflow.dag_processing.dagbag.BundleDagBag","filename":"dagbag.py","lineno":460}
{"timestamp":"2026-09-06T21:23:03.954883Z","level":"info","event":"Filling up the DagBag from /opt/airflow/dags/atividade_05_pipeline.py","logger":"airflow.dag_processing.dagbag.BundleDagBag","filename":"dagbag.py","lineno":460}
{"timestamp":"2026-09-06T21:23:46.965316Z","level":"info","event":"Filling up the DagBag from /opt/airflow/dags/atividade_05_pipeline.py","logger":"airflow.dag_processing.dagbag.BundleDagBag","filename":"dagbag.py","lineno":460}
{"timestamp":"2026-09-06T21:24:25.185306Z","level":"info","event":"Filling up the DagBag from /opt/airflow/dags/atividade_05_pipeline.py","logger":"airflow.dag_processing.dagbag.BundleDagBag","filename":"dagbag.py","lineno":460}
{"timestamp":"2026-09-06T21:25:54.208394Z","level":"info","event":"Filling up the DagBag from /opt/airflow/dags/atividade_05_pipeline.py","logger":"airflow.dag_processing.dagbag.BundleDagBag","filename":"dagbag.py","lineno":460}
{"timestamp":"2026-09-06T21:27:16.148557Z","level":"info","event":"Filling up the DagBag from /opt/airflow/dags/atividade_05_pipeline.py","logger":"airflow.dag_processing.dagbag.BundleDagBag","filename":"dagbag.py","lineno":460}
{"timestamp":"2026-09-06T21:28:16.215142Z","level":"info","event":"Filling up the DagBag from /opt/airflow/dags/atividade_05_pipeline.py","logger":"airflow.dag_processing.dagbag.BundleDagBag","filename":"dagbag.py","lineno":460}
{"timestamp":"2026-09-06T21:29:07.315642Z","level":"info","event":"Filling up the DagBag from /opt/airflow/dags/atividade_05_pipeline.py","logger":"airflow.dag_processing.dagbag.BundleDagBag","filename":"dagbag.py","lineno":460}
{"timestamp":"2026-09-06T21:29:54.925876Z","level":"info","event":"Filling up the DagBag from /opt/airflow/dags/atividade_05_pipeline.py","logger":"airflow.dag_processing.dagbag.BundleDagBag","filename":"dagbag.py","lineno":460}
{"timestamp":"2026-09-06T21:31:25.670097Z","level":"info","event":"Filling up the DagBag from /opt/airflow/dags/atividade_05_pipeline.py","logger":"airflow.dag_processing.dagbag.BundleDagBag","filename":"dagbag.py","lineno":460}
{"timestamp":"2026-09-06T21:32:47.121716Z","level":"info","event":"Filling up the DagBag from /opt/airflow/dags/atividade_05_pipeline.py","logger":"airflow.dag_processing.dagbag.BundleDagBag","filename":"dagbag.py","lineno":460}
{"timestamp":"2026-09-06T21:33:31.408963Z","level":"info","event":"Filling up the DagBag from /opt/airflow/dags/atividade_05_pipeline.py","logger":"airflow.dag_processing.dagbag.BundleDagBag","filename":"dagbag.py","lineno":460}
{"timestamp":"2026-09-06T21:34:20.818997Z","level":"info","event":"Filling up the DagBag from /opt/airflow/dags/atividade_05_pipeline.py","logger":"airflow.dag_processing.dagbag.BundleDagBag","filename":"dagbag.py","lineno":460}
{"timestamp":"2026-09-06T21:34:58.186514Z","level":"info","event":"Filling up the DagBag from /opt/airflow/dags/atividade_05_pipeline.py","logger":"airflow.dag_processing.dagbag.BundleDagBag","filename":"dagbag.py","lineno":460}
{"timestamp":"2026-09-06T21:35:38.075569Z","level":"info","event":"Filling up the DagBag from /opt/airflow/dags/atividade_05_pipeline.py","logger":"airflow.dag_processing.dagbag.BundleDagBag","filename":"dagbag.py","lineno":460}
{"timestamp":"2026-09-06T21:37:03.729753Z","level":"info","event":"Filling up the DagBag from /opt/airflow/dags/atividade_05_pipeline.py","logger":"airflow.dag_processing.dagbag.BundleDagBag","filename":"dagbag.py","lineno":460}
{"timestamp":"2026-09-06T21:38:02.376438Z","level":"info","event":"Filling up the DagBag from /opt/airflow/dags/atividade_05_pipeline.py","logger":"airflow.dag_processing.dagbag.BundleDagBag","filename":"dagbag.py","lineno":460}
{"timestamp":"2026-09-06T21:38:45.985087Z","level":"info","event":"Filling up the DagBag from /opt/airflow/dags/atividade_05_pipeline.py","logger":"airflow.dag_processing.dagbag.BundleDagBag","filename":"dagbag.py","lineno":460}
{"timestamp":"2026-09-06T21:39:43.398107Z","level":"info","event":"Filling up the DagBag from /opt/airflow/dags/atividade_05_pipeline.py","logger":"airflow.dag_processing.dagbag.BundleDagBag","filename":"dagbag.py","lineno":460}
{"timestamp":"2026-09-06T21:40:56.148358Z","level":"info","event":"Filling up the DagBag from /opt/airflow/dags/atividade_05_pipeline.py","logger":"airflow.dag_processing.dagbag.BundleDagBag","filename":"dagbag.py","lineno":460}
{"timestamp":"2026-09-06T21:41:52.702814Z","level":"info","event":"Filling up the DagBag from /opt/airflow/dags/atividade_05_pipeline.py","logger":"airflow.dag_processing.dagbag.BundleDagBag","filename":"dagbag.py","lineno":460}
{"timestamp":"2026-09-06T21:42:42.229922Z","level":"info","event":"Filling up the DagBag from /opt/airflow/dags/atividade_05_pipeline.py","logger":"airflow.dag_processing.dagbag.BundleDagBag","filename":"dagbag.py","lineno":460}
{"timestamp":"2026-09-06T21:43:27.516592Z","level":"info","event":"Filling up the DagBag from /opt/airflow/dags/atividade_05_pipeline.py","logger":"airflow.dag_processing.dagbag.BundleDagBag","filename":"dagbag.py","lineno":460}
{"timestamp":"2026-09-06T21:44:17.677354Z","level":"info","event":"Filling up the DagBag from /opt/airflow/dags/atividade_05_pipeline.py","logger":"airflow.dag_processing.dagbag.BundleDagBag","filename":"dagbag.py","lineno":460}
{"timestamp":"2026-09-06T21:45:11.113283Z","level":"info","event":"Filling up the DagBag from /opt/airflow/dags/atividade_05_pipeline.py","logger":"airflow.dag_processing.dagbag.BundleDagBag","filename":"dagbag.py","lineno":460}
{"timestamp":"2026-09-06T21:46:11.254344Z","level":"info","event":"Filling up the DagBag from /opt/airflow/dags/atividade_05_pipeline.py","logger":"airflow.dag_processing.dagbag.BundleDagBag","filename":"dagbag.py","lineno":460}
{"timestamp":"2026-09-06T21:47:15.697661Z","level":"info","event":"Filling up the DagBag from /opt/airflow/dags/atividade_05_pipeline.py","logger":"airflow.dag_processing.dagbag.BundleDagBag","filename":"dagbag.py","lineno":460}
{"timestamp":"2026-09-06T21:48:17.845247Z","level":"info","event":"Filling up the DagBag from /opt/airflow/dags/atividade_05_pipeline.py","logger":"airflow.dag_processing.dagbag.BundleDagBag","filename":"dagbag.py","lineno":460}
{"timestamp":"2026-09-06T21:49:22.169174Z","level":"info","event":"Filling up the DagBag from /opt/airflow/dags/atividade_05_pipeline.py","logger":"airflow.dag_processing.dagbag.BundleDagBag","filename":"dagbag.py","lineno":460}
{"timestamp":"2026-09-06T21:50:31.203986Z","level":"info","event":"Filling up the DagBag from /opt/airflow/dags/atividade_05_pipeline.py","logger":"airflow.dag_processing.dagbag.BundleDagBag","filename":"dagbag.py","lineno":460}
{"timestamp":"2026-09-06T21:51:16.128850Z","level":"info","event":"Filling up the DagBag from /opt/airflow/dags/atividade_05_pipeline.py","logger":"airflow.dag_processing.dagbag.BundleDagBag","filename":"dagbag.py","lineno":460}
{"timestamp":"2026-09-06T21:52:08.132568Z","level":"info","event":"Filling up the DagBag from /opt/airflow/dags/atividade_05_pipeline.py","logger":"airflow.dag_processing.dagbag.BundleDagBag","filename":"dagbag.py","lineno":460}
{"timestamp":"2026-09-06T21:52:47.505056Z","level":"info","event":"Filling up the DagBag from /opt/airflow/dags/atividade_05_pipeline.py","logger":"airflow.dag_processing.dagbag.BundleDagBag","filename":"dagbag.py","lineno":460}
{"timestamp":"2026-09-06T21:53:34.666839Z","level":"info","event":"Filling up the DagBag from /opt/airflow/dags/atividade_05_pipeline.py","logger":"airflow.dag_processing.dagbag.BundleDagBag","filename":"dagbag.py","lineno":460}
{"timestamp":"2026-09-06T21:54:20.549619Z","level":"info","event":"Filling up the DagBag from /opt/airflow/dags/atividade_05_pipeline.py","logger":"airflow.dag_processing.dagbag.BundleDagBag","filename":"dagbag.py","lineno":460}
{"timestamp":"2026-09-06T21:55:06.910542Z","level":"info","event":"Filling up the DagBag from /opt/airflow/dags/atividade_05_pipeline.py","logger":"airflow.dag_processing.dagbag.BundleDagBag","filename":"dagbag.py","lineno":460}
{"timestamp":"2026-09-06T21:56:45.565311Z","level":"info","event":"Filling up the DagBag from /opt/airflow/dags/atividade_05_pipeline.py","logger":"airflow.dag_processing.dagbag.BundleDagBag","filename":"dagbag.py","lineno":460}
{"timestamp":"2026-09-06T21:59:10.683281Z","level":"info","event":"Filling up the DagBag from /opt/airflow/dags/atividade_05_pipeline.py","logger":"airflow.dag_processing.dagbag.BundleDagBag","filename":"dagbag.py","lineno":460}
{"timestamp":"2026-09-06T22:00:14.416547Z","level":"info","event":"Filling up the DagBag from /opt/airflow/dags/atividade_05_pipeline.py","logger":"airflow.dag_processing.dagbag.BundleDagBag","filename":"dagbag.py","lineno":460}
{"timestamp":"2026-09-06T22:01:08.453281Z","level":"info","event":"Filling up the DagBag from /opt/airflow/dags/atividade_05_pipeline.py","logger":"airflow.dag_processing.dagbag.BundleDagBag","filename":"dagbag.py","lineno":460}
{"timestamp":"2026-09-06T22:02:14.882796Z","level":"info","event":"Filling up the DagBag from /opt/airflow/dags/atividade_05_pipeline.py","logger":"airflow.dag_processing.dagbag.BundleDagBag","filename":"dagbag.py","lineno":460}
{"timestamp":"2026-09-06T22:04:49.580564Z","level":"info","event":"Filling up the DagBag from /opt/airflow/dags/atividade_05_pipeline.py","logger":"airflow.dag_processing.dagbag.BundleDagBag","filename":"dagbag.py","lineno":460}
{"timestamp":"2026-09-06T22:05:41.958450Z","level":"info","event":"Filling up the DagBag from /opt/airflow/dags/atividade_05_pipeline.py","logger":"airflow.dag_processing.dagbag.BundleDagBag","filename":"dagbag.py","lineno":460}
{"timestamp":"2026-09-06T22:06:44.383418Z","level":"info","event":"Filling up the DagBag from /opt/airflow/dags/atividade_05_pipeline.py","logger":"airflow.dag_processing.dagbag.BundleDagBag","filename":"dagbag.py","lineno":460}
{"timestamp":"2026-09-06T22:07:44.903945Z","level":"info","event":"Filling up the DagBag from /opt/airflow/dags/atividade_05_pipeline.py","logger":"airflow.dag_processing.dagbag.BundleDagBag","filename":"dagbag.py","lineno":460}
{"timestamp":"2026-09-06T22:09:00.367806Z","level":"info","event":"Filling up the DagBag from /opt/airflow/dags/atividade_05_pipeline.py","logger":"airflow.dag_processing.dagbag.BundleDagBag","filename":"dagbag.py","lineno":460}
{"timestamp":"2026-09-06T22:11:15.036763Z","level":"info","event":"Filling up the DagBag from /opt/airflow/dags/atividade_05_pipeline.py","logger":"airflow.dag_processing.dagbag.BundleDagBag","filename":"dagbag.py","lineno":460}
{"timestamp":"2026-09-06T22:12:33.317015Z","level":"info","event":"Filling up the DagBag from /opt/airflow/dags/atividade_05_pipeline.py","logger":"airflow.dag_processing.dagbag.BundleDagBag","filename":"dagbag.py","lineno":460}
{"timestamp":"2026-09-06T22:36:55.607351Z","level":"info","event":"Filling up the DagBag from /opt/airflow/dags/atividade_05_pipeline.py","logger":"airflow.dag_processing.dagbag.BundleDagBag","filename":"dagbag.py","lineno":460}
{"timestamp":"2026-09-06T22:37:43.672474Z","level":"info","event":"Filling up the DagBag from /opt/airflow/dags/atividade_05_pipeline.py","logger":"airflow.dag_processing.dagbag.BundleDagBag","filename":"dagbag.py","lineno":460}
{"timestamp":"2026-09-06T22:39:54.617943Z","level":"info","event":"Filling up the DagBag from /opt/airflow/dags/atividade_05_pipeline.py","logger":"airflow.dag_processing.dagbag.BundleDagBag","filename":"dagbag.py","lineno":460}
{"timestamp":"2026-09-06T22:40:28.333601Z","level":"info","event":"Filling up the DagBag from /opt/airflow/dags/atividade_05_pipeline.py","logger":"airflow.dag_processing.dagbag.BundleDagBag","filename":"dagbag.py","lineno":460}
{"timestamp":"2026-09-06T22:41:09.854641Z","level":"info","event":"Filling up the DagBag from /opt/airflow/dags/atividade_05_pipeline.py","logger":"airflow.dag_processing.dagbag.BundleDagBag","filename":"dagbag.py","lineno":460}
{"timestamp":"2026-09-06T22:41:42.603898Z","level":"info","event":"Filling up the DagBag from /opt/airflow/dags/atividade_05_pipeline.py","logger":"airflow.dag_processing.dagbag.BundleDagBag","filename":"dagbag.py","lineno":460}
{"timestamp":"2026-09-06T22:42:55.060041Z","level":"info","event":"Filling up the DagBag from /opt/airflow/dags/atividade_05_pipeline.py","logger":"airflow.dag_processing.dagbag.BundleDagBag","filename":"dagbag.py","lineno":460}
{"timestamp":"2026-09-06T22:43:49.700052Z","level":"info","event":"Filling up the DagBag from /opt/airflow/dags/atividade_05_pipeline.py","logger":"airflow.dag_processing.dagbag.BundleDagBag","filename":"dagbag.py","lineno":460}
{"timestamp":"2026-09-06T22:44:28.891231Z","level":"info","event":"Filling up the DagBag from /opt/airflow/dags/atividade_05_pipeline.py","logger":"airflow.dag_processing.dagbag.BundleDagBag","filename":"dagbag.py","lineno":460}
{"timestamp":"2026-09-06T22:45:03.280796Z","level":"info","event":"Filling up the DagBag from /opt/airflow/dags/atividade_05_pipeline.py","logger":"airflow.dag_processing.dagbag.BundleDagBag","filename":"dagbag.py","lineno":460}
{"timestamp":"2026-09-06T22:46:03.601515Z","level":"info","event":"Filling up the DagBag from /opt/airflow/dags/atividade_05_pipeline.py","logger":"airflow.dag_processing.dagbag.BundleDagBag","filename":"dagbag.py","lineno":460}
{"timestamp":"2026-09-06T22:46:48.072414Z","level":"info","event":"Filling up the DagBag from /opt/airflow/dags/atividade_05_pipeline.py","logger":"airflow.dag_processing.dagbag.BundleDagBag","filename":"dagbag.py","lineno":460}
{"timestamp":"2026-09-06T22:47:30.871734Z","level":"error","event":"Process timed out, PID: 37","logger":"airflow.dag_processing.importers.python_importer","filename":"python_importer.py","lineno":62}
{"timestamp":"2026-09-06T22:47:30.872221Z","level":"error","event":"Failed to import: /opt/airflow/dags/atividade_05_pipeline.py","logger":"airflow.dag_processing.importers.python_importer","filename":"python_importer.py","lineno":244,"error_detail":[{"exc_type":"AirflowTaskTimeout","exc_value":"DagBag import timeout for /opt/airflow/dags/atividade_05_pipeline.py after 30.0s.\nPlease take a look at these docs to improve your DAG import time:\n* https://airflow.apache.org/docs/apache-airflow/3.3.1/best-practices.html#top-level-python-code\n* https://airflow.apache.org/docs/apache-airflow/3.3.1/best-practices.html#reducing-dag-complexity, PID: 37","exc_notes":[],"syntax_error":null,"is_cause":false,"frames":[{"filename":"/home/airflow/.local/lib/python3.13/site-packages/airflow/dag_processing/importers/python_importer.py","lineno":238,"name":"parse"},{"filename":"<frozen importlib._bootstrap_external>","lineno":1023,"name":"exec_module"},{"filename":"<frozen importlib._bootstrap>","lineno":488,"name":"_call_with_frames_removed"},{"filename":"/opt/airflow/dags/atividade_05_pipeline.py","lineno":60,"name":"<module>"},{"filename":"/home/airflow/.local/lib/python3.13/site-packages/airflow/sdk/definitions/_internal/mixins.py","lineno":99,"name":"__rshift__"},{"filename":"/home/airflow/.local/lib/python3.13/site-packages/airflow/sdk/definitions/_internal/node.py","lineno":150,"name":"set_downstream"},{"filename":"/home/airflow/.local/lib/python3.13/site-packages/airflow/sdk/definitions/_internal/node.py","lineno":97,"name":"_set_relatives"},{"filename":"<frozen abc>","lineno":119,"name":"__instancecheck__"},{"filename":"<frozen abc>","lineno":123,"name":"__subclasscheck__"},{"filename":"<frozen abc>","lineno":123,"name":"__subclasscheck__"},{"filename":"<frozen abc>","lineno":123,"name":"__subclasscheck__"},{"filename":"<frozen _collections_abc>","lineno":345,"name":"__subclasshook__"},{"filename":"/home/airflow/.local/lib/python3.13/site-packages/airflow/dag_processing/importers/python_importer.py","lineno":65,"name":"handle_timeout"}],"is_group":false,"exceptions":[]}]}
{"timestamp":"2026-09-06T22:47:30.874678Z","level":"error","event":"Error loading DAG from atividade_05_pipeline.py: DagBag import timeout for /opt/airflow/dags/atividade_05_pipeline.py after 30.0s.\nPlease take a look at these docs to improve your DAG import time:\n* https://airflow.apache.org/docs/apache-airflow/3.3.1/best-practices.html#top-level-python-code\n* https://airflow.apache.org/docs/apache-airflow/3.3.1/best-practices.html#reducing-dag-complexity, PID: 37","logger":"airflow.dag_processing.dagbag.BundleDagBag","filename":"dagbag.py","lineno":319}
{"timestamp":"2026-09-06T22:50:02.139205Z","level":"info","event":"Filling up the DagBag from /opt/airflow/dags/atividade_05_pipeline.py","logger":"airflow.dag_processing.dagbag.BundleDagBag","filename":"dagbag.py","lineno":460}
{"timestamp":"2026-09-06T22:51:22.823824Z","level":"info","event":"Filling up the DagBag from /opt/airflow/dags/atividade_05_pipeline.py","logger":"airflow.dag_processing.dagbag.BundleDagBag","filename":"dagbag.py","lineno":460}
{"timestamp":"2026-09-06T22:52:39.935237Z","level":"info","event":"Filling up the DagBag from /opt/airflow/dags/atividade_05_pipeline.py","logger":"airflow.dag_processing.dagbag.BundleDagBag","filename":"dagbag.py","lineno":460}
{"timestamp":"2026-09-06T22:53:45.023662Z","level":"info","event":"Filling up the DagBag from /opt/airflow/dags/atividade_05_pipeline.py","logger":"airflow.dag_processing.dagbag.BundleDagBag","filename":"dagbag.py","lineno":460}
{"timestamp":"2026-09-06T23:06:07.529301Z","level":"info","event":"Filling up the DagBag from /opt/airflow/dags/atividade_05_pipeline.py","logger":"airflow.dag_processing.dagbag.BundleDagBag","filename":"dagbag.py","lineno":460}
{"timestamp":"2026-09-06T23:13:32.980897Z","level":"info","event":"Filling up the DagBag from /opt/airflow/dags/atividade_05_pipeline.py","logger":"airflow.dag_processing.dagbag.BundleDagBag","filename":"dagbag.py","lineno":460}
{"timestamp":"2026-09-06T23:14:06.790732Z","level":"info","event":"Filling up the DagBag from /opt/airflow/dags/atividade_05_pipeline.py","logger":"airflow.dag_processing.dagbag.BundleDagBag","filename":"dagbag.py","lineno":460}
{"timestamp":"2026-09-06T23:14:37.383753Z","level":"info","event":"Filling up the DagBag from /opt/airflow/dags/atividade_05_pipeline.py","logger":"airflow.dag_processing.dagbag.BundleDagBag","filename":"dagbag.py","lineno":460}
{"timestamp":"2026-09-06T23:15:09.914684Z","level":"info","event":"Filling up the DagBag from /opt/airflow/dags/atividade_05_pipeline.py","logger":"airflow.dag_processing.dagbag.BundleDagBag","filename":"dagbag.py","lineno":460}
{"timestamp":"2026-09-06T23:15:40.630896Z","level":"info","event":"Filling up the DagBag from /opt/airflow/dags/atividade_05_pipeline.py","logger":"airflow.dag_processing.dagbag.BundleDagBag","filename":"dagbag.py","lineno":460}
{"timestamp":"2026-09-06T23:16:17.229493Z","level":"info","event":"Filling up the DagBag from /opt/airflow/dags/atividade_05_pipeline.py","logger":"airflow.dag_processing.dagbag.BundleDagBag","filename":"dagbag.py","lineno":460}
{"timestamp":"2026-09-06T23:23:59.637057Z","level":"info","event":"Filling up the DagBag from /opt/airflow/dags/atividade_05_pipeline.py","logger":"airflow.dag_processing.dagbag.BundleDagBag","filename":"dagbag.py","lineno":460}
{"timestamp":"2026-09-06T23:24:38.011361Z","level":"info","event":"Filling up the DagBag from /opt/airflow/dags/atividade_05_pipeline.py","logger":"airflow.dag_processing.dagbag.BundleDagBag","filename":"dagbag.py","lineno":460}
{"timestamp":"2026-09-06T23:25:10.412963Z","level":"info","event":"Filling up the DagBag from /opt/airflow/dags/atividade_05_pipeline.py","logger":"airflow.dag_processing.dagbag.BundleDagBag","filename":"dagbag.py","lineno":460}
{"timestamp":"2026-09-06T23:25:47.574306Z","level":"info","event":"Filling up the DagBag from /opt/airflow/dags/atividade_05_pipeline.py","logger":"airflow.dag_processing.dagbag.BundleDagBag","filename":"dagbag.py","lineno":460}
{"timestamp":"2026-09-06T23:27:02.537866Z","level":"info","event":"Filling up the DagBag from /opt/airflow/dags/atividade_05_pipeline.py","logger":"airflow.dag_processing.dagbag.BundleDagBag","filename":"dagbag.py","lineno":460}
{"timestamp":"2026-09-06T23:27:34.992043Z","level":"info","event":"Filling up the DagBag from /opt/airflow/dags/atividade_05_pipeline.py","logger":"airflow.dag_processing.dagbag.BundleDagBag","filename":"dagbag.py","lineno":460}
{"timestamp":"2026-09-06T23:28:22.250400Z","level":"info","event":"Filling up the DagBag from /opt/airflow/dags/atividade_05_pipeline.py","logger":"airflow.dag_processing.dagbag.BundleDagBag","filename":"dagbag.py","lineno":460}
{"timestamp":"2026-09-06T23:38:36.020549Z","level":"info","event":"Filling up the DagBag from /opt/airflow/dags/atividade_05_pipeline.py","logger":"airflow.dag_processing.dagbag.BundleDagBag","filename":"dagbag.py","lineno":460}
{"timestamp":"2026-09-06T23:42:19.193673Z","level":"info","event":"Filling up the DagBag from /opt/airflow/dags/atividade_05_pipeline.py","logger":"airflow.dag_processing.dagbag.BundleDagBag","filename":"dagbag.py","lineno":460}
{"timestamp":"2026-09-06T23:43:57.499367Z","level":"info","event":"Filling up the DagBag from /opt/airflow/dags/atividade_05_pipeline.py","logger":"airflow.dag_processing.dagbag.BundleDagBag","filename":"dagbag.py","lineno":460}
{"timestamp":"2026-09-06T23:44:34.021974Z","level":"error","event":"Process timed out, PID: 68","logger":"airflow.dag_processing.importers.python_importer","filename":"python_importer.py","lineno":62}
{"timestamp":"2026-09-06T23:44:34.023099Z","level":"error","event":"Failed to import: /opt/airflow/dags/atividade_05_pipeline.py","logger":"airflow.dag_processing.importers.python_importer","filename":"python_importer.py","lineno":244,"error_detail":[{"exc_type":"AirflowTaskTimeout","exc_value":"DagBag import timeout for /opt/airflow/dags/atividade_05_pipeline.py after 30.0s.\nPlease take a look at these docs to improve your DAG import time:\n* https://airflow.apache.org/docs/apache-airflow/3.3.1/best-practices.html#top-level-python-code\n* https://airflow.apache.org/docs/apache-airflow/3.3.1/best-practices.html#reducing-dag-complexity, PID: 68","exc_notes":[],"syntax_error":null,"is_cause":false,"frames":[{"filename":"/home/airflow/.local/lib/python3.13/site-packages/airflow/dag_processing/importers/python_importer.py","lineno":238,"name":"parse"},{"filename":"<frozen importlib._bootstrap_external>","lineno":1023,"name":"exec_module"},{"filename":"<frozen importlib._bootstrap>","lineno":488,"name":"_call_with_frames_removed"},{"filename":"/opt/airflow/dags/atividade_05_pipeline.py","lineno":7,"name":"<module>"},{"filename":"<attrs generated methods airflow.sdk.definitions.dag.DAG>","lineno":16,"name":"__init__"},{"filename":"/home/airflow/.local/lib/python3.13/site-packages/airflow/sdk/definitions/dag.py","lineno":667,"name":"_default_timetable"},{"filename":"/home/airflow/.local/lib/python3.13/site-packages/airflow/sdk/definitions/dag.py","lineno":131,"name":"_is_core_timetable"},{"filename":"/usr/python/lib/python3.13/typing.py","lineno":2140,"name":"__instancecheck__"},{"filename":"<frozen abc>","lineno":119,"name":"__instancecheck__"},{"filename":"/usr/python/lib/python3.13/typing.py","lineno":2122,"name":"__subclasscheck__"},{"filename":"<frozen abc>","lineno":123,"name":"__subclasscheck__"},{"filename":"/usr/python/lib/python3.13/typing.py","lineno":2122,"name":"__subclasscheck__"},{"filename":"<frozen abc>","lineno":123,"name":"__subclasscheck__"},{"filename":"/usr/python/lib/python3.13/typing.py","lineno":2098,"name":"__subclasscheck__"},{"filename":"/home/airflow/.local/lib/python3.13/site-packages/airflow/dag_processing/importers/python_importer.py","lineno":65,"name":"handle_timeout"}],"is_group":false,"exceptions":[]}]}
{"timestamp":"2026-09-06T23:44:36.706239Z","level":"error","event":"Error loading DAG from atividade_05_pipeline.py: DagBag import timeout for /opt/airflow/dags/atividade_05_pipeline.py after 30.0s.\nPlease take a look at these docs to improve your DAG import time:\n* https://airflow.apache.org/docs/apache-airflow/3.3.1/best-practices.html#top-level-python-code\n* https://airflow.apache.org/docs/apache-airflow/3.3.1/best-practices.html#reducing-dag-complexity, PID: 68","logger":"airflow.dag_processing.dagbag.BundleDagBag","filename":"dagbag.py","lineno":319}
{"timestamp":"2026-09-06T23:45:23.062442Z","level":"info","event":"Filling up the DagBag from /opt/airflow/dags/atividade_05_pipeline.py","logger":"airflow.dag_processing.dagbag.BundleDagBag","filename":"dagbag.py","lineno":460}
{"timestamp":"2026-09-06T23:46:18.450199Z","level":"info","event":"Filling up the DagBag from /opt/airflow/dags/atividade_05_pipeline.py","logger":"airflow.dag_processing.dagbag.BundleDagBag","filename":"dagbag.py","lineno":460}
{"timestamp":"2026-09-06T23:47:17.018235Z","level":"info","event":"Filling up the DagBag from /opt/airflow/dags/atividade_05_pipeline.py","logger":"airflow.dag_processing.dagbag.BundleDagBag","filename":"dagbag.py","lineno":460}
{"timestamp":"2026-09-06T23:48:41.598683Z","level":"info","event":"Filling up the DagBag from /opt/airflow/dags/atividade_05_pipeline.py","logger":"airflow.dag_processing.dagbag.BundleDagBag","filename":"dagbag.py","lineno":460}
{"timestamp":"2026-09-06T23:49:22.929042Z","level":"info","event":"Filling up the DagBag from /opt/airflow/dags/atividade_05_pipeline.py","logger":"airflow.dag_processing.dagbag.BundleDagBag","filename":"dagbag.py","lineno":460}
{"timestamp":"2026-09-06T23:51:44.698615Z","level":"info","event":"Filling up the DagBag from /opt/airflow/dags/atividade_05_pipeline.py","logger":"airflow.dag_processing.dagbag.BundleDagBag","filename":"dagbag.py","lineno":460}
{"timestamp":"2026-09-06T23:52:35.119104Z","level":"info","event":"Filling up the DagBag from /opt/airflow/dags/atividade_05_pipeline.py","logger":"airflow.dag_processing.dagbag.BundleDagBag","filename":"dagbag.py","lineno":460}
{"timestamp":"2026-09-06T23:53:07.189570Z","level":"info","event":"Filling up the DagBag from /opt/airflow/dags/atividade_05_pipeline.py","logger":"airflow.dag_processing.dagbag.BundleDagBag","filename":"dagbag.py","lineno":460}
{"timestamp":"2026-09-06T23:53:38.834069Z","level":"info","event":"Filling up the DagBag from /opt/airflow/dags/atividade_05_pipeline.py","logger":"airflow.dag_processing.dagbag.BundleDagBag","filename":"dagbag.py","lineno":460}
{"timestamp":"2026-09-06T23:54:14.940672Z","level":"info","event":"Filling up the DagBag from /opt/airflow/dags/atividade_05_pipeline.py","logger":"airflow.dag_processing.dagbag.BundleDagBag","filename":"dagbag.py","lineno":460}
{"timestamp":"2026-09-06T23:54:49.769910Z","level":"info","event":"Filling up the DagBag from /opt/airflow/dags/atividade_05_pipeline.py","logger":"airflow.dag_processing.dagbag.BundleDagBag","filename":"dagbag.py","lineno":460}
{"timestamp":"2026-09-06T23:55:20.078157Z","level":"info","event":"Filling up the DagBag from /opt/airflow/dags/atividade_05_pipeline.py","logger":"airflow.dag_processing.dagbag.BundleDagBag","filename":"dagbag.py","lineno":460}
{"timestamp":"2026-09-06T23:55:50.772951Z","level":"info","event":"Filling up the DagBag from /opt/airflow/dags/atividade_05_pipeline.py","logger":"airflow.dag_processing.dagbag.BundleDagBag","filename":"dagbag.py","lineno":460}
{"timestamp":"2026-09-06T23:56:25.210980Z","level":"info","event":"Filling up the DagBag from /opt/airflow/dags/atividade_05_pipeline.py","logger":"airflow.dag_processing.dagbag.BundleDagBag","filename":"dagbag.py","lineno":460}
{"timestamp":"2026-09-06T23:56:56.497971Z","level":"info","event":"Filling up the DagBag from /opt/airflow/dags/atividade_05_pipeline.py","logger":"airflow.dag_processing.dagbag.BundleDagBag","filename":"dagbag.py","lineno":460}
{"timestamp":"2026-09-06T23:57:27.644304Z","level":"info","event":"Filling up the DagBag from /opt/airflow/dags/atividade_05_pipeline.py","logger":"airflow.dag_processing.dagbag.BundleDagBag","filename":"dagbag.py","lineno":460}
{"timestamp":"2026-09-06T23:57:58.427889Z","level":"info","event":"Filling up the DagBag from /opt/airflow/dags/atividade_05_pipeline.py","logger":"airflow.dag_processing.dagbag.BundleDagBag","filename":"dagbag.py","lineno":460}
{"timestamp":"2026-09-06T23:58:28.780602Z","level":"info","event":"Filling up the DagBag from /opt/airflow/dags/atividade_05_pipeline.py","logger":"airflow.dag_processing.dagbag.BundleDagBag","filename":"dagbag.py","lineno":460}
{"timestamp":"2026-09-06T23:59:00.803104Z","level":"info","event":"Filling up the DagBag from /opt/airflow/dags/atividade_05_pipeline.py","logger":"airflow.dag_processing.dagbag.BundleDagBag","filename":"dagbag.py","lineno":460}
{"timestamp":"2026-09-06T23:59:31.291349Z","level":"info","event":"Filling up the DagBag from /opt/airflow/dags/atividade_05_pipeline.py","logger":"airflow.dag_processing.dagbag.BundleDagBag","filename":"dagbag.py","lineno":460}
